     1                                  org 0x100
     2                                  
     3 00000000 E90C00                  jmp start
     4                                  
     5 00000003 010002000300040005-     num1: dw 1, 2, 3, 4, 5 
     6 0000000C 00                 
     7 0000000D 0000                    sum: dw 0
     8                                  
     9                                  start:
    10                                  
    11 0000000F B80000                  mov ax,0
    12 00000012 BB[0300]                mov bx,num1
    13 00000015 B90500                  mov cx,5
    14                                  
    15                                  outerloop:
    16                                  
    17 00000018 0307                    add ax,[bx]
    18 0000001A 81C30200                add bx,2
    19 0000001E 81E90100                sub cx,1
    20 00000022 75F4                    jnz outerloop
    21                                  
    22 00000024 A3[0D00]                mov [sum],ax
    23 00000027 B8004C                  mov ax,0x4c00
    24 0000002A CD21                    int 0x21
    25                                  
